L. S. Rothman, I. E. Gordon, R. J. Barber, H. Dothe, R. R. Gamache, A. Goldman, V. Perevalov, S. A. Tashkun, J. Tennyson, "HITEMP, the high-temperature molecular spectroscopic database", J. Quant. Spectrosc. Radiat. Transfer 111, 2139-2150 (2010)

 G. Li, I. E. Gordon, L. S. Rothman, Y. Tan, S.-M. Hu, S. Kassi, A. Campargue, E. S. Medvedev, "Rovibrational line lists for nine isotopologues of the CO molecule in the X1Σ+ ground electronic state", Astrophys. J. Supp. Ser. 216, 15 (2015).
